// Jest Snapshot v1, https://goo.gl/fbAQLP

exports[`SearchBar  renders as expected  1`] = `
<form
  onSubmit={[Function]}
>
  <div
    className="MuiFormControl-root MuiTextField-root"
  >
    <div
      className="MuiInputBase-root MuiInput-root MuiInput-underline MuiInputBase-formControl MuiInput-formControl MuiInputBase-adornedStart MuiInputBase-adornedEnd"
      onClick={[Function]}
    >
      <div
        className="MuiInputAdornment-root MuiInputAdornment-positionStart"
      >
        <p
          className="MuiTypography-root MuiTypography-body1 MuiTypography-colorTextSecondary"
        >
          #
        </p>
      </div>
      <input
        aria-invalid={false}
        autoFocus={false}
        className="MuiInputBase-input MuiInput-input MuiInputBase-inputAdornedStart MuiInputBase-inputAdornedEnd MuiInputBase-inputTypeSearch MuiInput-inputTypeSearch"
        disabled={false}
        name="search"
        onAnimationStart={[Function]}
        onBlur={[Function]}
        onChange={[Function]}
        onFocus={[Function]}
        required={true}
        type="search"
        value=""
      />
      <div
        className="MuiInputAdornment-root MuiInputAdornment-positionEnd"
      >
        <svg
          aria-hidden={true}
          className="MuiSvgIcon-root"
          focusable="false"
          viewBox="0 0 24 24"
        >
          <path
            d="M15.5 14h-.79l-.28-.27C15.41 12.59 16 11.11 16 9.5 16 5.91 13.09 3 9.5 3S3 5.91 3 9.5 5.91 16 9.5 16c1.61 0 3.09-.59 4.23-1.57l.27.28v.79l5 4.99L20.49 19l-4.99-5zm-6 0C7.01 14 5 11.99 5 9.5S7.01 5 9.5 5 14 7.01 14 9.5 11.99 14 9.5 14z"
          />
        </svg>
      </div>
    </div>
    <p
      className="MuiFormHelperText-root Mui-required"
    >
      Enter a hashtag and press the 'return' key to see tweets that relate.
    </p>
  </div>
</form>
`;
